// Jest Snapshot v1, https://goo.gl/fbAQLP

exports[`SearchForm should match the snapshot 1`] = `
<form
  className="searchForm"
>
  <input
    className="searchInput"
    name="searchInput"
    onChange={[Function]}
    placeholder="Looking for something?"
    type="text"
    value=""
  />
  <button
    className="searchButton"
    onClick={[Function]}
    type="button"
  >
    Search
  </button>
</form>
`;
